// Jest Snapshot v1, https://goo.gl/fbAQLP

exports[`both Editor and Preview to pop up 1`] = `
Object {
  "asFragment": [Function],
  "baseElement": <body>
    <div>
      <div
        class="clothes"
      >
        <img
          height="75"
          src="/undefined-head.png"
        />
        <img
          height="75"
          src="/undefined-middle.png"
        />
        <img
          height="75"
          src="/undefined-pants.png"
        />
        <p>
           
           
        </p>
      </div>
      <div
        class="editor"
      >
        <label>
          Head
        </label>
        <select>
          <option
            value="Bird"
          >
            Bird
          </option>
          <option
            value="Duck"
          >
            Duck
          </option>
          <option
            value="Dog"
          >
            Dog
          </option>
          <option
            value="Horse"
          >
            Horse
          </option>
        </select>
      </div>
      <div
        class="editor"
      >
        <label>
          Middle
        </label>
        <select>
          <option
            value="Blue"
          >
            Blue
          </option>
          <option
            value="dress"
          >
            Fancy
          </option>
          <option
            value="Pink"
          >
            Pink
          </option>
          <option
            value="Red"
          >
            Red
          </option>
        </select>
      </div>
      <div
        class="editor"
      >
        <label>
          Bottom
        </label>
        <select>
          <option
            value="leg"
          >
            Single Leg
          </option>
          <option
            value="white"
          >
            White Pants
          </option>
          <option
            value="blue"
          >
            Blue Jeans
          </option>
          <option
            value="dog"
          >
            Dog Pants
          </option>
        </select>
      </div>
      <div
        class="editor"
      >
        <label>
          Catch Phrase!
        </label>
        <input
          type="text"
          value=""
        />
        <button>
          Add!
        </button>
      </div>
    </div>
  </body>,
  "container": <div>
    <div
      class="clothes"
    >
      <img
        height="75"
        src="/undefined-head.png"
      />
      <img
        height="75"
        src="/undefined-middle.png"
      />
      <img
        height="75"
        src="/undefined-pants.png"
      />
      <p>
         
         
      </p>
    </div>
    <div
      class="editor"
    >
      <label>
        Head
      </label>
      <select>
        <option
          value="Bird"
        >
          Bird
        </option>
        <option
          value="Duck"
        >
          Duck
        </option>
        <option
          value="Dog"
        >
          Dog
        </option>
        <option
          value="Horse"
        >
          Horse
        </option>
      </select>
    </div>
    <div
      class="editor"
    >
      <label>
        Middle
      </label>
      <select>
        <option
          value="Blue"
        >
          Blue
        </option>
        <option
          value="dress"
        >
          Fancy
        </option>
        <option
          value="Pink"
        >
          Pink
        </option>
        <option
          value="Red"
        >
          Red
        </option>
      </select>
    </div>
    <div
      class="editor"
    >
      <label>
        Bottom
      </label>
      <select>
        <option
          value="leg"
        >
          Single Leg
        </option>
        <option
          value="white"
        >
          White Pants
        </option>
        <option
          value="blue"
        >
          Blue Jeans
        </option>
        <option
          value="dog"
        >
          Dog Pants
        </option>
      </select>
    </div>
    <div
      class="editor"
    >
      <label>
        Catch Phrase!
      </label>
      <input
        type="text"
        value=""
      />
      <button>
        Add!
      </button>
    </div>
  </div>,
  "debug": [Function],
  "findAllByAltText": [Function],
  "findAllByDisplayValue": [Function],
  "findAllByLabelText": [Function],
  "findAllByPlaceholderText": [Function],
  "findAllByRole": [Function],
  "findAllByTestId": [Function],
  "findAllByText": [Function],
  "findAllByTitle": [Function],
  "findByAltText": [Function],
  "findByDisplayValue": [Function],
  "findByLabelText": [Function],
  "findByPlaceholderText": [Function],
  "findByRole": [Function],
  "findByTestId": [Function],
  "findByText": [Function],
  "findByTitle": [Function],
  "getAllByAltText": [Function],
  "getAllByDisplayValue": [Function],
  "getAllByLabelText": [Function],
  "getAllByPlaceholderText": [Function],
  "getAllByRole": [Function],
  "getAllByTestId": [Function],
  "getAllByText": [Function],
  "getAllByTitle": [Function],
  "getByAltText": [Function],
  "getByDisplayValue": [Function],
  "getByLabelText": [Function],
  "getByPlaceholderText": [Function],
  "getByRole": [Function],
  "getByTestId": [Function],
  "getByText": [Function],
  "getByTitle": [Function],
  "queryAllByAltText": [Function],
  "queryAllByDisplayValue": [Function],
  "queryAllByLabelText": [Function],
  "queryAllByPlaceholderText": [Function],
  "queryAllByRole": [Function],
  "queryAllByTestId": [Function],
  "queryAllByText": [Function],
  "queryAllByTitle": [Function],
  "queryByAltText": [Function],
  "queryByDisplayValue": [Function],
  "queryByLabelText": [Function],
  "queryByPlaceholderText": [Function],
  "queryByRole": [Function],
  "queryByTestId": [Function],
  "queryByText": [Function],
  "queryByTitle": [Function],
  "rerender": [Function],
  "unmount": [Function],
}
`;
